###############################################################################
#
# IAR ELF Linker V8.40.1.212/W32 for ARM                  25/Sep/2019  23:42:37
# Copyright 2007-2019 IAR Systems AB.
#
#    Output file  =
#        C:\Users\ryuic\Downloads\Firebot\Projects\firebot\Debug\Exe\firebot.out
#    Map file     =
#        C:\Users\ryuic\Downloads\Firebot\Projects\firebot\Debug\List\firebot.map
#    Command line =
#        -f C:\Users\ryuic\AppData\Local\Temp\EW217D.tmp
#        (C:\Users\ryuic\Downloads\Firebot\TivaWare_C_Series-2.1.4.178\driverlib\ewarm\Exe\driverlib.a
#        C:\Users\ryuic\Downloads\Firebot\Projects\firebot\Debug\Obj\gpio.o
#        C:\Users\ryuic\Downloads\Firebot\Projects\firebot\Debug\Obj\main.o
#        C:\Users\ryuic\Downloads\Firebot\Projects\firebot\Debug\Obj\startup_TM4C1294.o
#        C:\Users\ryuic\Downloads\Firebot\Projects\firebot\Debug\Obj\system_TM4C1294_TW.o
#        C:\Users\ryuic\Downloads\Firebot\Projects\firebot\Debug\Obj\timerInit.o
#        C:\Users\ryuic\Downloads\Firebot\Projects\firebot\Debug\Obj\UARTInit.o
#        C:\Users\ryuic\Downloads\Firebot\Projects\firebot\Debug\Obj\uartstdio.o
#        --no_out_extension -o
#        C:\Users\ryuic\Downloads\Firebot\Projects\firebot\Debug\Exe\firebot.out
#        --map
#        C:\Users\ryuic\Downloads\Firebot\Projects\firebot\Debug\List\firebot.map
#        --config
#        D:\Programas\IAR\arm\config\linker\TexasInstruments\TM4C1294NC.icf
#        --semihosting --entry __iar_program_start --vfe --text_out locale)
#
###############################################################################

*******************************************************************************
*** RUNTIME MODEL ATTRIBUTES
***

CppFlavor       = *
__SystemLibrary = DLib
__dlib_version  = 6


*******************************************************************************
*** HEAP SELECTION
***

The basic heap was selected because some modules are built with
size limitations (and not runtime checking), and --advanced_heap
was not specified.


*******************************************************************************
*** PLACEMENT SUMMARY
***

"A0":  place at address 0x0 { ro section .intvec };
"P1":  place in [from 0x0 to 0xf'ffff] { ro };
define block CSTACK with size = 32K, alignment = 8 { };
define block HEAP with size = 64K, alignment = 8 { };
"P2":  place in [from 0x2000'0000 to 0x2003'ffff] {
          rw, block CSTACK, block HEAP };

  Section          Kind         Address    Size  Object
  -------          ----         -------    ----  ------
"A0":                                     0x3c0
  .intvec          ro code          0x0   0x3c0  startup_TM4C1294.o [1]
                                - 0x3c0   0x3c0

"P1":                                     0xda0
  .text            ro code        0x3c0   0x2ac  sysctl.o [3]
  .text            ro code        0x66c   0x1e4  main.o [1]
  .text            ro code        0x850    0xe8  timer.o [3]
  .text            ro code        0x938    0x34  systick.o [3]
  .text            ro code        0x96c    0xd4  gpio.o [1]
  .text            ro code        0xa40    0x5c  UARTInit.o [1]
  .text            ro code        0xa9c   0x1c4  gpio.o [3]
  .text            ro code        0xc60    0x64  uartstdio.o [1]
  .text            ro code        0xcc4    0xae  uart.o [3]
  .text            ro code        0xd72    0x3a  zero_init3.o [4]
  .rodata          const          0xdac   0x1b0  sysctl.o [3]
  .rodata          const          0xf5c    0x90  gpio.o [3]
  .rodata          const          0xfec    0x6c  sysctl.o [3]
  .rodata          const         0x1058    0x30  sysctl.o [3]
  .text            ro code       0x1088    0x28  data_init.o [4]
  .iar.init_table  const         0x10b0    0x10  - Linker created -
  .text            ro code       0x10c0    0x20  system_TM4C1294_TW.o [1]
  .text            ro code       0x10e0    0x1e  cmain.o [4]
  .text            ro code       0x10fe     0x4  low_level_init.o [2]
  .text            ro code       0x1102     0x4  exit.o [2]
  .text            ro code       0x1106     0x2  startup_TM4C1294.o [1]
  .text            ro code       0x1108     0xa  cexit.o [4]
  .text            ro code       0x1114    0x14  exit.o [5]
  .text            ro code       0x1128    0x14  startup_TM4C1294.o [1]
  .rodata          const         0x113c     0xc  uartstdio.o [1]
  .rodata          const         0x1148     0xc  uartstdio.o [1]
  .text            ro code       0x1154     0xc  cstartup_M.o [4]
  .rodata          const         0x1160     0x0  zero_init3.o [4]
                               - 0x1160   0xda0

"P2", part 1 of 2:                         0x20
  .bss             zero     0x2000'0000     0x8  main.o [1]
  .bss             zero     0x2000'0008     0x4  main.o [1]
  .bss             zero     0x2000'000c     0x4  main.o [1]
  .bss             zero     0x2000'0010     0x4  main.o [1]
  .bss             zero     0x2000'0014     0x4  main.o [1]
  .bss             zero     0x2000'0018     0x4  main.o [1]
  .bss             zero     0x2000'001c     0x4  uartstdio.o [1]
                          - 0x2000'0020    0x20

"P2", part 2 of 2:                       0x8008
  .noinit          uninit   0x2000'0020     0x4  system_TM4C1294_TW.o [1]
  CSTACK                    0x2000'0028  0x8000  <Block>
    CSTACK         uninit   0x2000'0028  0x8000  <Block tail>
                          - 0x2000'8028  0x8008

Unused ranges:

         From           To      Size
         ----           --      ----
       0x1160     0xf'ffff  0xf'eea0
  0x2000'8028  0x2003'ffff  0x3'7fd8


*******************************************************************************
*** INIT TABLE
***

          Address      Size
          -------      ----
Zero (__iar_zero_init3)
    1 destination range, total size 0x20:
          0x2000'0000  0x20



*******************************************************************************
*** MODULE SUMMARY
***

    Module                ro code  ro data  rw data
    ------                -------  -------  -------
command line/config:
    -----------------------------------------------
    Total:

C:\Users\ryuic\Downloads\Firebot\Projects\firebot\Debug\Obj: [1]
    UARTInit.o                 92
    gpio.o                    212
    main.o                    484                28
    startup_TM4C1294.o        982
    system_TM4C1294_TW.o       32                 4
    uartstdio.o               100       24        4
    -----------------------------------------------
    Total:                  1'902       24       36

dl7M_tln.a: [2]
    exit.o                      4
    low_level_init.o            4
    -----------------------------------------------
    Total:                      8

driverlib.a: [3]
    gpio.o                    452      144
    sysctl.o                  684      588
    systick.o                  52
    timer.o                   232
    uart.o                    174
    -----------------------------------------------
    Total:                  1'594      732

rt7M_tl.a: [4]
    cexit.o                    10
    cmain.o                    30
    cstartup_M.o               12
    data_init.o                40
    zero_init3.o               58
    -----------------------------------------------
    Total:                    150

shb_l.a: [5]
    exit.o                     20
    -----------------------------------------------
    Total:                     20

    Gaps                        2
    Linker created                      16   32'768
---------------------------------------------------
    Grand Total:            3'676      772   32'804


*******************************************************************************
*** ENTRY LIST
***

Entry                       Address   Size  Type      Object
-----                       -------   ----  ----      ------
.iar.init_table$$Base        0x10b0          --   Gb  - Linker created -
.iar.init_table$$Limit       0x10c0          --   Gb  - Linker created -
?main                        0x10e1         Code  Gb  cmain.o [4]
CSTACK$$Base            0x2000'0028          --   Gb  - Linker created -
CSTACK$$Limit           0x2000'8028          --   Gb  - Linker created -
GPIODirModeSet                0xa9d   0x28  Code  Gb  gpio.o [3]
GPIOPadConfigSet              0xac5  0x102  Code  Gb  gpio.o [3]
GPIOPinConfigure              0xc1f   0x36  Code  Gb  gpio.o [3]
GPIOPinTypeGPIOOutput         0xbd3    0xa  Code  Gb  gpio.o [3]
GPIOPinTypeTimer              0xbf7   0x14  Code  Gb  gpio.o [3]
GPIOPinTypeUART               0xc0b   0x14  Code  Gb  gpio.o [3]
GPIOPinWrite                  0xbc7    0x8  Code  Gb  gpio.o [3]
GPIO_Init                     0x96d   0xa6  Code  Gb  gpio.o [1]
PortM_Output                  0xa13   0x10  Code  Gb  gpio.o [1]
Region$$Table$$Base          0x10b0          --   Gb  - Linker created -
Region$$Table$$Limit         0x10c0          --   Gb  - Linker created -
ServoInit                     0x695   0x3a  Code  Gb  main.o [1]
ServoWrite                    0x66d   0x1e  Code  Gb  main.o [1]
SysCtlClockFreqSet            0x42b  0x1fc  Code  Gb  sysctl.o [3]
SysCtlPeripheralEnable        0x40d    0x8  Code  Gb  sysctl.o [3]
SysCtlPeripheralPresent
                              0x3e1    0xa  Code  Gb  sysctl.o [3]
SysCtlPeripheralReady         0x3eb    0x8  Code  Gb  sysctl.o [3]
SysTickDisable                0x945    0xc  Code  Gb  systick.o [3]
SysTickEnable                 0x939    0xc  Code  Gb  systick.o [3]
SysTickIntEnable              0x951    0xc  Code  Gb  systick.o [3]
SysTickPeriodSet              0x95d    0x8  Code  Gb  systick.o [3]
SysTick_Handler               0x68b    0xa  Code  Gb  main.o [1]
SystemCoreClock         0x2000'0020    0x4  Data  Gb  system_TM4C1294_TW.o [1]
SystemInit                   0x10c1   0x10  Code  Gb  system_TM4C1294_TW.o [1]
TimerConfigure                0x873   0x54  Code  Gb  timer.o [3]
TimerControlLevel             0x8c7   0x1a  Code  Gb  timer.o [3]
TimerDisable                  0x861   0x12  Code  Gb  timer.o [3]
TimerEnable                   0x851   0x10  Code  Gb  timer.o [3]
TimerLoadSet                  0x909   0x18  Code  Gb  timer.o [3]
TimerMatchSet                 0x921   0x18  Code  Gb  timer.o [3]
TimerPrescaleSet              0x8f1   0x18  Code  Gb  timer.o [3]
UARTCharGet                   0xd65    0xe  Code  Gb  uart.o [3]
UARTConfigSetExpClk           0xcc5   0x5c  Code  Gb  uart.o [3]
UARTDisable                   0xd3b   0x22  Code  Gb  uart.o [3]
UARTEnable                    0xd21   0x1a  Code  Gb  uart.o [3]
UARTInit                      0xa41   0x5c  Code  Gb  UARTInit.o [1]
UARTStdioConfig               0xc61   0x48  Code  Gb  uartstdio.o [1]
UARTgetc                      0xca9    0xe  Code  Gb  uartstdio.o [1]
_SysCtlMemTimingGet           0x3c1   0x20  Code  Lc  sysctl.o [3]
__Vectors                       0x0          --   Gb  startup_TM4C1294.o [1]
__Vectors_End                 0x3c0         Data  Gb  startup_TM4C1294.o [1]
__Vectors_Size {Abs}          0x3c0          --   Gb  startup_TM4C1294.o [1]
__cmain                      0x10e1         Code  Gb  cmain.o [4]
__exit                       0x1115   0x14  Code  Gb  exit.o [5]
__iar_data_init3             0x1089   0x28  Code  Gb  data_init.o [4]
__iar_init_vfp               0x1131         Code  Wk  startup_TM4C1294.o [1]
__iar_program_start          0x1155         Code  Gb  cstartup_M.o [4]
__iar_zero_init3              0xd73   0x3a  Code  Gb  zero_init3.o [4]
__low_level_init             0x10ff    0x4  Code  Gb  low_level_init.o [2]
__vector_table                  0x0         Data  Gb  startup_TM4C1294.o [1]
__vector_table_0x1c            0x1c         Data  Gb  startup_TM4C1294.o [1]
_call_main                   0x10ed         Code  Gb  cmain.o [4]
_exit                        0x1109         Code  Gb  cexit.o [4]
_main                        0x10fb         Code  Gb  cmain.o [4]
angle                   0x2000'0018    0x4  Data  Gb  main.o [1]
clock_MHz               0x2000'000c    0x4  Data  Gb  main.o [1]
delay                   0x2000'0010    0x4  Data  Gb  main.o [1]
exit                         0x1103    0x4  Code  Gb  exit.o [2]
g_pppui32XTALtoVCO            0xdac  0x1b0  Data  Lc  sysctl.o [3]
g_pui32GPIOBaseAddrs          0xf5c   0x90  Data  Lc  gpio.o [3]
g_pui32VCOFrequencies         0x664    0x8  Data  Lc  sysctl.o [3]
g_pui32Xtals                  0xfec   0x6c  Data  Lc  sysctl.o [3]
g_sXTALtoMEMTIM              0x1058   0x30  Data  Lc  sysctl.o [3]
g_ui32Base              0x2000'001c    0x4  Data  Lc  uartstdio.o [1]
g_ui32UARTBase               0x113c    0xc  Data  Lc  uartstdio.o [1]
g_ui32UARTPeriph             0x1148    0xc  Data  Lc  uartstdio.o [1]
main                          0x6cf  0x14a  Code  Gb  main.o [1]
period_ns               0x2000'0008    0x4  Data  Gb  main.o [1]
pulseTimeWidth          0x2000'0000    0x8  Data  Gb  main.o [1]
servoPulse              0x2000'0014    0x4  Data  Gb  main.o [1]


[1] = C:\Users\ryuic\Downloads\Firebot\Projects\firebot\Debug\Obj
[2] = dl7M_tln.a
[3] = driverlib.a
[4] = rt7M_tl.a
[5] = shb_l.a

   3'676 bytes of readonly  code memory
     772 bytes of readonly  data memory
  32'804 bytes of readwrite data memory

Errors: none
Warnings: none
